This is pdfTeX, Version 3.141592653-2.6-1.40.26 (TeX Live 2024) (preloaded format=pdflatex 2024.5.10)  30 JUL 2026 10:14
entering extended mode
 restricted \write18 enabled.
 file:line:error style messages enabled.
 %&-line parsing enabled.
**c:/Users/Gooooood/Documents/GitHub/TPI/docs/fully_bayesian/reconstruction/main.tex
(c:/Users/Gooooood/Documents/GitHub/TPI/docs/fully_bayesian/reconstruction/main.tex
LaTeX2e <2023-11-01> patch level 1
L3 programming layer <2024-04-11>
(./ieeeconf.cls
Document Class: ieeeconf 2016/4/23 revision V1.6b by Pradeep Misra
\@IEEEtrantmpdimenA=\dimen140
\@IEEEtrantmpdimenB=\dimen141
\@IEEEtrantmpcountA=\count189
\@IEEEtrantmpcountB=\count190
\@IEEEtrantmptoksA=\toks17
LaTeX Font Info:    Trying to load font information for OT1+ptm on input line 794.
(c:/texlive/2024/texmf-dist/tex/latex/psnfss/ot1ptm.fd
File: ot1ptm.fd 2001/06/04 font definitions for OT1/ptm.
)
\@IEEEnormalsizefontbaselineskip=\skip48

-- This is a 10 point document.
\normalsizebaselineskip=\skip49
\normaljot=\skip50
LaTeX Font Info:    Font shape `OT1/ptm/bx/n' in size <5> not available
(Font)              Font shape `OT1/ptm/b/n' tried instead on input line 1113.
LaTeX Font Info:    Font shape `OT1/ptm/bx/it' in size <5> not available
(Font)              Font shape `OT1/ptm/b/it' tried instead on input line 1113.
LaTeX Font Info:    Font shape `OT1/ptm/bx/n' in size <7> not available
(Font)              Font shape `OT1/ptm/b/n' tried instead on input line 1113.
LaTeX Font Info:    Font shape `OT1/ptm/bx/it' in size <7> not available
(Font)              Font shape `OT1/ptm/b/it' tried instead on input line 1113.
LaTeX Font Info:    Font shape `OT1/ptm/bx/n' in size <8> not available
(Font)              Font shape `OT1/ptm/b/n' tried instead on input line 1113.
LaTeX Font Info:    Font shape `OT1/ptm/bx/it' in size <8> not available
(Font)              Font shape `OT1/ptm/b/it' tried instead on input line 1113.
LaTeX Font Info:    Font shape `OT1/ptm/bx/n' in size <9> not available
(Font)              Font shape `OT1/ptm/b/n' tried instead on input line 1113.
LaTeX Font Info:    Font shape `OT1/ptm/bx/it' in size <9> not available
(Font)              Font shape `OT1/ptm/b/it' tried instead on input line 1113.
LaTeX Font Info:    Font shape `OT1/ptm/bx/n' in size <10> not available
(Font)              Font shape `OT1/ptm/b/n' tried instead on input line 1113.
LaTeX Font Info:    Font shape `OT1/ptm/bx/it' in size <10> not available
(Font)              Font shape `OT1/ptm/b/it' tried instead on input line 1113.
LaTeX Font Info:    Font shape `OT1/ptm/bx/n' in size <11> not available
(Font)              Font shape `OT1/ptm/b/n' tried instead on input line 1113.
LaTeX Font Info:    Font shape `OT1/ptm/bx/it' in size <11> not available
(Font)              Font shape `OT1/ptm/b/it' tried instead on input line 1113.
LaTeX Font Info:    Font shape `OT1/ptm/bx/n' in size <12> not available
(Font)              Font shape `OT1/ptm/b/n' tried instead on input line 1113.
LaTeX Font Info:    Font shape `OT1/ptm/bx/it' in size <12> not available
(Font)              Font shape `OT1/ptm/b/it' tried instead on input line 1113.
LaTeX Font Info:    Font shape `OT1/ptm/bx/n' in size <16> not available
(Font)              Font shape `OT1/ptm/b/n' tried instead on input line 1113.
LaTeX Font Info:    Font shape `OT1/ptm/bx/it' in size <16> not available
(Font)              Font shape `OT1/ptm/b/it' tried instead on input line 1113.
LaTeX Font Info:    Font shape `OT1/ptm/bx/n' in size <20> not available
(Font)              Font shape `OT1/ptm/b/n' tried instead on input line 1113.
LaTeX Font Info:    Font shape `OT1/ptm/bx/it' in size <20> not available
(Font)              Font shape `OT1/ptm/b/it' tried instead on input line 1113.
LaTeX Font Info:    Font shape `OT1/ptm/bx/n' in size <24> not available
(Font)              Font shape `OT1/ptm/b/n' tried instead on input line 1113.
LaTeX Font Info:    Font shape `OT1/ptm/bx/it' in size <24> not available
(Font)              Font shape `OT1/ptm/b/it' tried instead on input line 1113.
\IEEEilabelindentA=\dimen142
\IEEEilabelindentB=\dimen143
\IEEEilabelindent=\dimen144
\IEEEelabelindent=\dimen145
\IEEEdlabelindent=\dimen146
\labelindent=\dimen147
\IEEEiednormlabelsep=\dimen148
\IEEEiedmathlabelsep=\dimen149
\IEEEiedtopsep=\skip51
\c@section=\count191
\c@subsection=\count192
\c@subsubsection=\count193
\c@paragraph=\count194
\c@IEEEsubequation=\count195
\abovecaptionskip=\skip52
\belowcaptionskip=\skip53
\c@figure=\count196
\c@table=\count197
\@IEEEeqnnumcols=\count198
\@IEEEeqncolcnt=\count199
\@IEEEtmpitemindent=\dimen150
\c@biography=\count266
\@IEEEtranrubishbin=\box51
) (c:/texlive/2024/texmf-dist/tex/latex/amsmath/amsmath.sty
Package: amsmath 2023/05/13 v2.17o AMS math features
\@mathmargin=\skip54

For additional information on amsmath, use the `?' option.
(c:/texlive/2024/texmf-dist/tex/latex/amsmath/amstext.sty
Package: amstext 2021/08/26 v2.01 AMS text
 (c:/texlive/2024/texmf-dist/tex/latex/amsmath/amsgen.sty
File: amsgen.sty 1999/11/30 v2.0 generic functions
\@emptytoks=\toks18
\ex@=\dimen151
)) (c:/texlive/2024/texmf-dist/tex/latex/amsmath/amsbsy.sty
Package: amsbsy 1999/11/29 v1.2d Bold Symbols
\pmbraise@=\dimen152
) (c:/texlive/2024/texmf-dist/tex/latex/amsmath/amsopn.sty
Package: amsopn 2022/04/08 v2.04 operator names
)
\inf@bad=\count267
LaTeX Info: Redefining \frac on input line 234.
\uproot@=\count268
\leftroot@=\count269
LaTeX Info: Redefining \overline on input line 399.
LaTeX Info: Redefining \colon on input line 410.
\classnum@=\count270
\DOTSCASE@=\count271
LaTeX Info: Redefining \ldots on input line 496.
LaTeX Info: Redefining \dots on input line 499.
LaTeX Info: Redefining \cdots on input line 620.
\Mathstrutbox@=\box52
\strutbox@=\box53
LaTeX Info: Redefining \big on input line 722.
LaTeX Info: Redefining \Big on input line 723.
LaTeX Info: Redefining \bigg on input line 724.
LaTeX Info: Redefining \Bigg on input line 725.
\big@size=\dimen153
LaTeX Font Info:    Redeclaring font encoding OML on input line 743.
LaTeX Font Info:    Redeclaring font encoding OMS on input line 744.
\macc@depth=\count272
LaTeX Info: Redefining \bmod on input line 905.
LaTeX Info: Redefining \pmod on input line 910.
LaTeX Info: Redefining \smash on input line 940.
LaTeX Info: Redefining \relbar on input line 970.
LaTeX Info: Redefining \Relbar on input line 971.
\c@MaxMatrixCols=\count273
\dotsspace@=\muskip16
\c@parentequation=\count274
\dspbrk@lvl=\count275
\tag@help=\toks19
\row@=\count276
\column@=\count277
\maxfields@=\count278
\andhelp@=\toks20
\eqnshift@=\dimen154
\alignsep@=\dimen155
\tagshift@=\dimen156
\tagwidth@=\dimen157
\totwidth@=\dimen158
\lineht@=\dimen159
\@envbody=\toks21
\multlinegap=\skip55
\multlinetaggap=\skip56
\mathdisplay@stack=\toks22
LaTeX Info: Redefining \[ on input line 2953.
LaTeX Info: Redefining \] on input line 2954.
) (c:/texlive/2024/texmf-dist/tex/latex/amsfonts/amssymb.sty
Package: amssymb 2013/01/14 v3.01 AMS font symbols
 (c:/texlive/2024/texmf-dist/tex/latex/amsfonts/amsfonts.sty
Package: amsfonts 2013/01/14 v3.01 Basic AMSFonts support
\symAMSa=\mathgroup4
\symAMSb=\mathgroup5
LaTeX Font Info:    Redeclaring math symbol \hbar on input line 98.
LaTeX Font Info:    Overwriting math alphabet `\mathfrak' in version `bold'
(Font)                  U/euf/m/n --> U/euf/b/n on input line 106.
)) (c:/texlive/2024/texmf-dist/tex/latex/tools/bm.sty
Package: bm 2023/07/08 v1.2f Bold Symbol Support (DPC/FMi)
\symboldoperators=\mathgroup6
\symboldletters=\mathgroup7
\symboldsymbols=\mathgroup8
Package bm Info: No bold for \OMX/cmex/m/n, using \pmb.
Package bm Info: No bold for \U/msa/m/n, using \pmb.
Package bm Info: No bold for \U/msb/m/n, using \pmb.
LaTeX Font Info:    Redeclaring math alphabet \mathbf on input line 149.
) (c:/texlive/2024/texmf-dist/tex/latex/tools/array.sty
Package: array 2023/10/16 v2.5g Tabular extension package (FMi)
\col@sep=\dimen160
\ar@mcellbox=\box54
\extrarowheight=\dimen161
\NC@list=\toks23
\extratabsurround=\skip57
\backup@length=\skip58
\ar@cellbox=\box55
) (c:/texlive/2024/texmf-dist/tex/latex/booktabs/booktabs.sty
Package: booktabs 2020/01/12 v1.61803398 Publication quality tables
\heavyrulewidth=\dimen162
\lightrulewidth=\dimen163
\cmidrulewidth=\dimen164
\belowrulesep=\dimen165
\belowbottomsep=\dimen166
\aboverulesep=\dimen167
\abovetopsep=\dimen168
\cmidrulesep=\dimen169
\cmidrulekern=\dimen170
\defaultaddspace=\dimen171
\@cmidla=\count279
\@cmidlb=\count280
\@aboverulesep=\dimen172
\@belowrulesep=\dimen173
\@thisruleclass=\count281
\@lastruleclass=\count282
\@thisrulewidth=\dimen174
) (c:/texlive/2024/texmf-dist/tex/latex/cite/cite.sty
LaTeX Info: Redefining \cite on input line 302.
LaTeX Info: Redefining \nocite on input line 332.
Package: cite 2015/02/27  v 5.5
) (c:/texlive/2024/texmf-dist/tex/latex/url/url.sty
\Urlmuskip=\muskip17
Package: url 2013/09/16  ver 3.4  Verb mode for urls, etc.
) (c:/texlive/2024/texmf-dist/tex/latex/cjk-ko/kotex.sty
Package: kotex 2015/04/19 v1.6 Korean TeX (ko.TeX)
 (c:/texlive/2024/texmf-dist/tex/latex/kotex-utf/kotex.cfg) (c:/texlive/2024/texmf-dist/tex/latex/kotex-utf/kotexutf.sty
Package: kotexutf 2022/06/22 v3.0.0 typesetting UTF-8 Korean documents
 (c:/texlive/2024/texmf-dist/tex/latex/base/inputenc.sty
Package: inputenc 2021/02/14 v1.3d Input encoding file
\inpenc@prehook=\toks24
\inpenc@posthook=\toks25
) (c:/texlive/2024/texmf-dist/tex/plain/kotex-plain/kotexutf-core.tex
\unih@ngulpoint=\count283
\dhucs@emph@raise=\dimen175
)
Now handling font encoding LUC ...
... processing UTF-8 mapping file for font encoding LUC
 (c:/texlive/2024/texmf-dist/tex/latex/kotex-utf/lucenc.dfu
File: lucenc.dfu 2007/09/05 UTF-8 support for dhucs
   defining Unicode char U+00B7 (decimal 183)
   defining Unicode char U+2018 (decimal 8216)
   defining Unicode char U+2019 (decimal 8217)
   defining Unicode char U+201C (decimal 8220)
   defining Unicode char U+201D (decimal 8221)
   defining Unicode char U+3001 (decimal 12289)
   defining Unicode char U+3002 (decimal 12290)
   defining Unicode char U+3008 (decimal 12296)
   defining Unicode char U+3009 (decimal 12297)
   defining Unicode char U+300A (decimal 12298)
   defining Unicode char U+300B (decimal 12299)
   defining Unicode char U+300C (decimal 12300)
   defining Unicode char U+300D (decimal 12301)
   defining Unicode char U+300E (decimal 12302)
   defining Unicode char U+300F (decimal 12303)
   defining Unicode char U+3010 (decimal 12304)
   defining Unicode char U+3011 (decimal 12305)
   defining Unicode char U+3014 (decimal 12308)
   defining Unicode char U+3015 (decimal 12309)
   defining Unicode char U+3016 (decimal 12310)
   defining Unicode char U+3017 (decimal 12311)
   defining Unicode char U+3018 (decimal 12312)
   defining Unicode char U+3019 (decimal 12313)
   defining Unicode char U+301A (decimal 12314)
   defining Unicode char U+301B (decimal 12315)
   defining Unicode char U+FF01 (decimal 65281)
   defining Unicode char U+FF08 (decimal 65288)
   defining Unicode char U+FF09 (decimal 65289)
   defining Unicode char U+FF0C (decimal 65292)
   defining Unicode char U+FF0E (decimal 65294)
   defining Unicode char U+FF1A (decimal 65306)
   defining Unicode char U+FF1B (decimal 65307)
   defining Unicode char U+FF1C (decimal 65308)
   defining Unicode char U+FF1D (decimal 65309)
   defining Unicode char U+FF1E (decimal 65310)
   defining Unicode char U+FF1F (decimal 65311)
   defining Unicode char U+FF3B (decimal 65339)
   defining Unicode char U+FF3D (decimal 65341)
   defining Unicode char U+FF5B (decimal 65371)
   defining Unicode char U+FF5D (decimal 65373)
   defining Unicode char U+FF61 (decimal 65377)
   defining Unicode char U+FF62 (decimal 65378)
   defining Unicode char U+FF63 (decimal 65379)
   defining Unicode char U+FF64 (decimal 65380)
   defining Unicode char U+FF65 (decimal 65381)
)
\@josa=\count284
\josatoks=\toks26
 (c:/texlive/2024/texmf-dist/tex/latex/cjk-ko/kolabels-utf.sty
Package: kolabels-utf 2015/03/20 v1.5 UTF-8 Hangul item labels
))) (c:/texlive/2024/texmf-dist/tex/latex/l3backend/l3backend-pdftex.def
File: l3backend-pdftex.def 2024-04-11 L3 backend support: PDF output (pdfTeX)
\l__color_backend_stack_int=\count285
\l__pdf_internal_box=\box56
) (./main.aux)
\openout1 = `main.aux'.

LaTeX Font Info:    Checking defaults for OML/cmm/m/it on input line 30.
LaTeX Font Info:    ... okay on input line 30.
LaTeX Font Info:    Checking defaults for OMS/cmsy/m/n on input line 30.
LaTeX Font Info:    ... okay on input line 30.
LaTeX Font Info:    Checking defaults for OT1/cmr/m/n on input line 30.
LaTeX Font Info:    ... okay on input line 30.
LaTeX Font Info:    Checking defaults for T1/cmr/m/n on input line 30.
LaTeX Font Info:    ... okay on input line 30.
LaTeX Font Info:    Checking defaults for TS1/cmr/m/n on input line 30.
LaTeX Font Info:    ... okay on input line 30.
LaTeX Font Info:    Checking defaults for OMX/cmex/m/n on input line 30.
LaTeX Font Info:    ... okay on input line 30.
LaTeX Font Info:    Checking defaults for U/cmr/m/n on input line 30.
LaTeX Font Info:    ... okay on input line 30.
LaTeX Font Info:    Checking defaults for LUC/nanummj/m/n on input line 30.
LaTeX Font Info:    Trying to load font information for LUC+nanummj on input line 30.
 (c:/texlive/2024/texmf-dist/tex/latex/nanumtype1/lucnanummj.fd
File: lucnanummj.fd 2013/02/12 v0.1 Nanum Myeongjo font definitions
)
LaTeX Font Info:    ... okay on input line 30.


LaTeX Font Warning: Font shape `LUC/nanummj/m/sc' undefined
(Font)              using `LUC/nanummj/m/n' instead on input line 33.

LaTeX Font Info:    Trying to load font information for U+msa on input line 44.
(c:/texlive/2024/texmf-dist/tex/latex/amsfonts/umsa.fd
File: umsa.fd 2013/01/14 v3.01 AMS symbols A
)
LaTeX Font Info:    Trying to load font information for U+msb on input line 44.
 (c:/texlive/2024/texmf-dist/tex/latex/amsfonts/umsb.fd
File: umsb.fd 2013/01/14 v3.01 AMS symbols B
)
LaTeX Font Info:    Trying to load font information for OT1+pcr on input line 64.
 (c:/texlive/2024/texmf-dist/tex/latex/psnfss/ot1pcr.fd
File: ot1pcr.fd 2001/06/04 font definitions for OT1/pcr.
)
LaTeX Font Info:    Trying to load font information for TS1+ptm on input line 79.
 (c:/texlive/2024/texmf-dist/tex/latex/psnfss/ts1ptm.fd
File: ts1ptm.fd 2001/06/04 font definitions for TS1/ptm.
)
LaTeX Font Info:    Font shape `LUC/nanummj/b/n' in size <10> not available
(Font)              Font shape `LUC/nanummj/bx/n' tried instead on input line 92.
LaTeX Font Info:    Font shape `LUC/nanummj/m/it' in size <10> not available
(Font)              Font shape `LUC/nanummj/m/sl' tried instead on input line 96.
 [1{c:/texlive/2024/texmf-var/fonts/map/pdftex/updmap/pdftex.map}{c:/texlive/2024/texmf-dist/fonts/enc/dvips/base/8r.enc}


] [2] [3]
Underfull \hbox (badness 4492) in paragraph at lines 749--750
[]\OT1/ptm/m/n/10 Gillijns and De Moor\LUC/nanummj/m/sc/10/b2 î \OT1/ptm/m/n/10 state\LUC/nanummj/m/n/10/c6 @ \OT1/ptm/m/n/10 un-known in-put\LUC/nanummj/m/sc/10/c7 D
 []


Underfull \hbox (badness 1824) in paragraph at lines 749--750
\LUC/nanummj/m/sc/10/d5 h\LUC/nanummj/m/n/10/ae ÿ \OT1/ptm/m/n/10 minimum-variance un-bi-ased\LUC/nanummj/m/sc/10/d5 X\LUC/nanummj/m/n/10/ac å \LUC/nanummj/m/sc/10/cd î\LUC/nanummj/m/sc/10/c8 ^^U\LUC/nanummj/m/sc/10/d5 X\LUC/nanummj/m/sc/10/b2 î \LUC/nanummj/m/sc/10/c7 ¨\LUC/nanummj/m/n/10/ad ¿\LUC/nanummj/m/sc/10/c2 ›
 []


Underfull \hbox (badness 1609) in paragraph at lines 749--750
\OT1/ptm/m/n/10 aug-mented KF\LUC/nanummj/m/n/10/b9 | \LUC/nanummj/m/n/10/c0 ¨\LUC/nanummj/m/n/10/c6 ©\LUC/nanummj/m/sc/10/d5 \ \OT1/ptm/m/n/10 Doumiati et al.\LUC/nanummj/m/n/10/ac ¸\OT1/ptm/m/n/10 , half-car\LUC/nanummj/m/sc/10/c5 –
 []

[4]
Underfull \hbox (badness 10000) in paragraph at lines 1018--1020
[]\OT1/ptm/m/n/10 unsprung mass\LUC/nanummj/m/n/10/c6 @ \OT1/ptm/m/n/10 tire\LUC/nanummj/m/n/10/ac ^^@ \LUC/nanummj/m/sc/10/c5 ∆\LUC/nanummj/m/sc/10/c7 <\LUC/nanummj/m/n/10/bb ¿\LUC/nanummj/m/n/10/b8 \ \OT1/ptm/m/n/10 bump
 []

[5] [6]
LaTeX Font Info:    Font shape `OT1/pcr/m/it' in size <10> not available
(Font)              Font shape `OT1/pcr/m/sl' tried instead on input line 1562.
 [7] [8]
Underfull \hbox (badness 2582) in paragraph at lines 2020--2021
[]\OT1/ptm/m/n/10 bump model\LUC/nanummj/m/n/10/ac ¸ \LUC/nanummj/m/n/10/b3 Ÿ\LUC/nanummj/m/sc/10/c2 ‹\LUC/nanummj/m/sc/10/c5 – \LUC/nanummj/m/sc/10/c7 ê \LUC/nanummj/m/n/10/b8 m\LUC/nanummj/m/n/10/ac å \LUC/nanummj/m/n/10/b4 P\LUC/nanummj/m/sc/10/c9 ¿ \LUC/nanummj/m/sc/10/c5 J\LUC/nanummj/m/n/10/ac ‡\OT1/ptm/m/n/10 ,
 []

[9] (./main.aux)
 ***********
LaTeX2e <2023-11-01> patch level 1
L3 programming layer <2024-04-11>
 ***********


LaTeX Font Warning: Some font shapes were not available, defaults substituted.

 ) 
Here is how much of TeX's memory you used:
 3475 strings out of 474050
 53948 string characters out of 5746298
 1958754 words of memory out of 5000000
 25769 multiletter control sequences out of 15000+600000
 639296 words of font info for 251 fonts, out of 8000000 for 9000
 1146 hyphenation exceptions out of 8191
 59i,14n,65p,607b,346s stack positions out of 10000i,1000n,20000p,200000b,200000s
<c:/texlive/2024/texmf-dist/fonts/type1/public/amsfonts/cm/cmbx10.pfb><c:/texlive/2024/texmf-dist/fonts/type1/public/amsfonts/cm/cmex10.pfb><c:/texlive/2024/texmf-dist/fonts/type1/public/amsfonts/cm/cmmi10.pfb><c:/texlive/2024/texmf-dist/fonts/type1/public/amsfonts/cm/cmmi5.pfb><c:/texlive/2024/texmf-dist/fonts/type1/public/amsfonts/cm/cmmi7.pfb><c:/texlive/2024/texmf-dist/fonts/type1/public/amsfonts/cm/cmr10.pfb><c:/texlive/2024/texmf-dist/fonts/type1/public/amsfonts/cm/cmr5.pfb><c:/texlive/2024/texmf-dist/fonts/type1/public/amsfonts/cm/cmr7.pfb><c:/texlive/2024/texmf-dist/fonts/type1/public/amsfonts/cm/cmsy10.pfb><c:/texlive/2024/texmf-dist/fonts/type1/public/amsfonts/cm/cmsy5.pfb><c:/texlive/2024/texmf-dist/fonts/type1/public/amsfonts/cm/cmsy7.pfb><c:/texlive/2024/texmf-dist/fonts/type1/public/nanumtype1/nanummjbac.pfb><c:/texlive/2024/texmf-dist/fonts/type1/public/nanumtype1/nanummjbad.pfb><c:/texlive/2024/texmf-dist/fonts/type1/public/nanumtype1/nanummjbb2.pfb><c:/texlive/2024/texmf-dist/fonts/type1/public/nanumtype1/nanummjbb7.pfb><c:/texlive/2024/texmf-dist/fonts/type1/public/nanumtype1/nanummjbb9.pfb><c:/texlive/2024/texmf-dist/fonts/type1/public/nanumtype1/nanummjbbb.pfb><c:/texlive/2024/texmf-dist/fonts/type1/public/nanumtype1/nanummjbbc.pfb><c:/texlive/2024/texmf-dist/fonts/type1/public/nanumtype1/nanummjbc1.pfb><c:/texlive/2024/texmf-dist/fonts/type1/public/nanumtype1/nanummjbc2.pfb><c:/texlive/2024/texmf-dist/fonts/type1/public/nanumtype1/nanummjbc5.pfb><c:/texlive/2024/texmf-dist/fonts/type1/public/nanumtype1/nanummjbc8.pfb><c:/texlive/2024/texmf-dist/fonts/type1/public/nanumtype1/nanummjbcc.pfb><c:/texlive/2024/texmf-dist/fonts/type1/public/nanumtype1/nanummjbcd.pfb><c:/texlive/2024/texmf-dist/fonts/type1/public/nanumtype1/nanummjbd1.pfb><c:/texlive/2024/texmf-dist/fonts/type1/public/nanumtype1/nanummjbd3.pfb><c:/texlive/2024/texmf-dist/fonts/type1/public/nanumtype1/nanummjbd5.pfb><c:/texlive/2024/texmf-dist/fonts/type1/public/nanumtype1/nanummjbd6.pfb><c:/texlive/2024/texmf-dist/fonts/type1/public/nanumtype1/nanummjmac.pfb><c:/texlive/2024/texmf-dist/fonts/type1/public/nanumtype1/nanummjmac.pfb><c:/texlive/2024/texmf-dist/fonts/type1/public/nanumtype1/nanummjmad.pfb><c:/texlive/2024/texmf-dist/fonts/type1/public/nanumtype1/nanummjmad.pfb><c:/texlive/2024/texmf-dist/fonts/type1/public/nanumtype1/nanummjmae.pfb><c:/texlive/2024/texmf-dist/fonts/type1/public/nanumtype1/nanummjmae.pfb><c:/texlive/2024/texmf-dist/fonts/type1/public/nanumtype1/nanummjmaf.pfb><c:/texlive/2024/texmf-dist/fonts/type1/public/nanumtype1/nanummjmb0.pfb><c:/texlive/2024/texmf-dist/fonts/type1/public/nanumtype1/nanummjmb0.pfb><c:/texlive/2024/texmf-dist/fonts/type1/public/nanumtype1/nanummjmb1.pfb><c:/texlive/2024/texmf-dist/fonts/type1/public/nanumtype1/nanummjmb1.pfb><c:/texlive/2024/texmf-dist/fonts/type1/public/nanumtype1/nanummjmb2.pfb><c:/texlive/2024/texmf-dist/fonts/type1/public/nanumtype1/nanummjmb2.pfb><c:/texlive/2024/texmf-dist/fonts/type1/public/nanumtype1/nanummjmb3.pfb><c:/texlive/2024/texmf-dist/fonts/type1/public/nanumtype1/nanummjmb3.pfb><c:/texlive/2024/texmf-dist/fonts/type1/public/nanumtype1/nanummjmb4.pfb><c:/texlive/2024/texmf-dist/fonts/type1/public/nanumtype1/nanummjmb4.pfb><c:/texlive/2024/texmf-dist/fonts/type1/public/nanumtype1/nanummjmb5.pfb><c:/texlive/2024/texmf-dist/fonts/type1/public/nanumtype1/nanummjmb6.pfb><c:/texlive/2024/texmf-dist/fonts/type1/public/nanumtype1/nanummjmb7.pfb><c:/texlive/2024/texmf-dist/fonts/type1/public/nanumtype1/nanummjmb7.pfb><c:/texlive/2024/texmf-dist/fonts/type1/public/nanumtype1/nanummjmb8.pfb><c:/texlive/2024/texmf-dist/fonts/type1/public/nanumtype1/nanummjmb8.pfb><c:/texlive/2024/texmf-dist/fonts/type1/public/nanumtype1/nanummjmb9.pfb><c:/texlive/2024/texmf-dist/fonts/type1/public/nanumtype1/nanummjmb9.pfb><c:/texlive/2024/texmf-dist/fonts/type1/public/nanumtype1/nanummjmba.pfb><c:/texlive/2024/texmf-dist/fonts/type1/public/nanumtype1/nanummjmba.pfb><c:/texlive/2024/texmf-dist/fonts/type1/public/nanumtype1/nanummjmbb.pfb><c:/texlive/2024/texmf-dist/fonts/type1/public/nanumtype1/nanummjmbb.pfb><c:/texlive/2024/texmf-dist/fonts/type1/public/nanumtype1/nanummjmbc.pfb><c:/texlive/2024/texmf-dist/fonts/type1/public/nanumtype1/nanummjmbc.pfb><c:/texlive/2024/texmf-dist/fonts/type1/public/nanumtype1/nanummjmbd.pfb><c:/texlive/2024/texmf-dist/fonts/type1/public/nanumtype1/nanummjmbe.pfb><c:/texlive/2024/texmf-dist/fonts/type1/public/nanumtype1/nanummjmbe.pfb><c:/texlive/2024/texmf-dist/fonts/type1/public/nanumtype1/nanummjmc0.pfb><c:/texlive/2024/texmf-dist/fonts/type1/public/nanumtype1/nanummjmc1.pfb><c:/texlive/2024/texmf-dist/fonts/type1/public/nanumtype1/nanummjmc1.pfb><c:/texlive/2024/texmf-dist/fonts/type1/public/nanumtype1/nanummjmc2.pfb><c:/texlive/2024/texmf-dist/fonts/type1/public/nanumtype1/nanummjmc2.pfb><c:/texlive/2024/texmf-dist/fonts/type1/public/nanumtype1/nanummjmc4.pfb><c:/texlive/2024/texmf-dist/fonts/type1/public/nanumtype1/nanummjmc5.pfb><c:/texlive/2024/texmf-dist/fonts/type1/public/nanumtype1/nanummjmc5.pfb><c:/texlive/2024/texmf-dist/fonts/type1/public/nanumtype1/nanummjmc6.pfb><c:/texlive/2024/texmf-dist/fonts/type1/public/nanumtype1/nanummjmc6.pfb><c:/texlive/2024/texmf-dist/fonts/type1/public/nanumtype1/nanummjmc7.pfb><c:/texlive/2024/texmf-dist/fonts/type1/public/nanumtype1/nanummjmc7.pfb><c:/texlive/2024/texmf-dist/fonts/type1/public/nanumtype1/nanummjmc8.pfb><c:/texlive/2024/texmf-dist/fonts/type1/public/nanumtype1/nanummjmc8.pfb><c:/texlive/2024/texmf-dist/fonts/type1/public/nanumtype1/nanummjmc9.pfb><c:/texlive/2024/texmf-dist/fonts/type1/public/nanumtype1/nanummjmc9.pfb><c:/texlive/2024/texmf-dist/fonts/type1/public/nanumtype1/nanummjmcc.pfb><c:/texlive/2024/texmf-dist/fonts/type1/public/nanumtype1/nanummjmcc.pfb><c:/texlive/2024/texmf-dist/fonts/type1/public/nanumtype1/nanummjmcd.pfb><c:/texlive/2024/texmf-dist/fonts/type1/public/nanumtype1/nanummjmcd.pfb><c:/texlive/2024/texmf-dist/fonts/type1/public/nanumtype1/nanummjmce.pfb><c:/texlive/2024/texmf-dist/fonts/type1/public/nanumtype1/nanummjmcf.pfb><c:/texlive/2024/texmf-dist/fonts/type1/public/nanumtype1/nanummjmd0.pfb><c:/texlive/2024/texmf-dist/fonts/type1/public/nanumtype1/nanummjmd0.pfb><c:/texlive/2024/texmf-dist/fonts/type1/public/nanumtype1/nanummjmd1.pfb><c:/texlive/2024/texmf-dist/fonts/type1/public/nanumtype1/nanummjmd1.pfb><c:/texlive/2024/texmf-dist/fonts/type1/public/nanumtype1/nanummjmd2.pfb><c:/texlive/2024/texmf-dist/fonts/type1/public/nanumtype1/nanummjmd3.pfb><c:/texlive/2024/texmf-dist/fonts/type1/public/nanumtype1/nanummjmd3.pfb><c:/texlive/2024/texmf-dist/fonts/type1/public/nanumtype1/nanummjmd4.pfb><c:/texlive/2024/texmf-dist/fonts/type1/public/nanumtype1/nanummjmd4.pfb><c:/texlive/2024/texmf-dist/fonts/type1/public/nanumtype1/nanummjmd5.pfb><c:/texlive/2024/texmf-dist/fonts/type1/public/nanumtype1/nanummjmd5.pfb><c:/texlive/2024/texmf-dist/fonts/type1/public/nanumtype1/nanummjmd6.pfb><c:/texlive/2024/texmf-dist/fonts/type1/public/nanumtype1/nanummjmd6.pfb><c:/texlive/2024/texmf-dist/fonts/type1/public/nanumtype1/nanummjmd7.pfb><c:/texlive/2024/texmf-dist/fonts/type1/urw/courier/ucrb8a.pfb><c:/texlive/2024/texmf-dist/fonts/type1/urw/courier/ucrr8a.pfb><c:/texlive/2024/texmf-dist/fonts/type1/urw/courier/ucrro8a.pfb><c:/texlive/2024/texmf-dist/fonts/type1/urw/times/utmb8a.pfb><c:/texlive/2024/texmf-dist/fonts/type1/urw/times/utmr8a.pfb><c:/texlive/2024/texmf-dist/fonts/type1/urw/times/utmri8a.pfb>
Output written on main.pdf (9 pages, 3924925 bytes).
PDF statistics:
 558 PDF objects out of 1000 (max. 8388607)
 335 compressed objects within 4 object streams
 0 named destinations out of 1000 (max. 500000)
 1 words of extra memory for PDF output out of 10000 (max. 10000000)

